AR pipo behavioral /home/amit/vhdl_lab/pipo_generate/pipo.vhd sub00/vhpl03 1607208267
EN d_ff NULL /home/amit/vhdl_lab/pipo_generate/d_ff.vhd sub00/vhpl00 1607208264
AR d_ff behavioral /home/amit/vhdl_lab/pipo_generate/d_ff.vhd sub00/vhpl01 1607208265
EN pipo NULL /home/amit/vhdl_lab/pipo_generate/pipo.vhd sub00/vhpl02 1607208266
