EN d_ff NULL /home/amit/vhdl_lab/siso_structural/d_ff.vhd sub00/vhpl00 1607184492
AR d_ff behavioral /home/amit/vhdl_lab/siso_structural/d_ff.vhd sub00/vhpl01 1607184493
EN siso NULL /home/amit/vhdl_lab/siso_structural/siso.vhd sub00/vhpl02 1607184494
AR siso behavioral /home/amit/vhdl_lab/siso_structural/siso.vhd sub00/vhpl03 1607184495
