V3 7
FL /home/amit/vhdl_lab/siso_structural/d_ff.vhd 2020/12/05.21:31:50 P.20131013
EN work/d_ff 1607184492 FL /home/amit/vhdl_lab/siso_structural/d_ff.vhd \
      PB ieee/std_logic_1164 1381692176
AR work/d_ff/Behavioral 1607184493 \
      FL /home/amit/vhdl_lab/siso_structural/d_ff.vhd EN work/d_ff 1607184492
FL /home/amit/vhdl_lab/siso_structural/siso.vhd 2020/12/05.21:38:04 P.20131013
EN work/siso 1607184494 FL /home/amit/vhdl_lab/siso_structural/siso.vhd \
      PB ieee/std_logic_1164 1381692176
AR work/siso/Behavioral 1607184495 \
      FL /home/amit/vhdl_lab/siso_structural/siso.vhd EN work/siso 1607184494 \
      CP d_ff
