Release 14.7 - xst P.20131013 (lin64)
Copyright (c) 1995-2013 Xilinx, Inc.  All rights reserved.
--> 
Parameter TMPDIR set to xst/projnav.tmp


Total REAL time to Xst completion: 0.00 secs
Total CPU time to Xst completion: 0.03 secs
 
--> 
Parameter xsthdpdir set to xst


Total REAL time to Xst completion: 0.00 secs
Total CPU time to Xst completion: 0.03 secs
 
--> 
Reading design: multiplier.prj

TABLE OF CONTENTS
  1) Synthesis Options Summary
  2) HDL Compilation
  3) Design Hierarchy Analysis
  4) HDL Analysis
  5) HDL Synthesis
     5.1) HDL Synthesis Report
  6) Advanced HDL Synthesis
     6.1) Advanced HDL Synthesis Report
  7) Low Level Synthesis
  8) Partition Report
  9) Final Report
	9.1) Device utilization summary
	9.2) Partition Resource Summary
	9.3) TIMING REPORT


=========================================================================
*                      Synthesis Options Summary                        *
=========================================================================
---- Source Parameters
Input File Name                    : "multiplier.prj"
Input Format                       : mixed
Ignore Synthesis Constraint File   : NO

---- Target Parameters
Output File Name                   : "multiplier"
Output Format                      : NGC
Target Device                      : xc3s200-5-ft256

---- Source Options
Top Module Name                    : multiplier
Automatic FSM Extraction           : YES
FSM Encoding Algorithm             : Auto
Safe Implementation                : No
FSM Style                          : LUT
RAM Extraction                     : Yes
RAM Style                          : Auto
ROM Extraction                     : Yes
Mux Style                          : Auto
Decoder Extraction                 : YES
Priority Encoder Extraction        : Yes
Shift Register Extraction          : YES
Logical Shifter Extraction         : YES
XOR Collapsing                     : YES
ROM Style                          : Auto
Mux Extraction                     : Yes
Resource Sharing                   : YES
Asynchronous To Synchronous        : NO
Multiplier Style                   : Auto
Automatic Register Balancing       : No

---- Target Options
Add IO Buffers                     : YES
Global Maximum Fanout              : 500
Add Generic Clock Buffer(BUFG)     : 8
Register Duplication               : YES
Slice Packing                      : YES
Optimize Instantiated Primitives   : NO
Use Clock Enable                   : Yes
Use Synchronous Set                : Yes
Use Synchronous Reset              : Yes
Pack IO Registers into IOBs        : Auto
Equivalent register Removal        : YES

---- General Options
Optimization Goal                  : Speed
Optimization Effort                : 1
Keep Hierarchy                     : No
Netlist Hierarchy                  : As_Optimized
RTL Output                         : Yes
Global Optimization                : AllClockNets
Read Cores                         : YES
Write Timing Constraints           : NO
Cross Clock Analysis               : NO
Hierarchy Separator                : /
Bus Delimiter                      : <>
Case Specifier                     : Maintain
Slice Utilization Ratio            : 100
BRAM Utilization Ratio             : 100
Verilog 2001                       : YES
Auto BRAM Packing                  : NO
Slice Utilization Ratio Delta      : 5

=========================================================================


=========================================================================
*                          HDL Compilation                              *
=========================================================================
Compiling vhdl file "/home/amit/vhdl_lab/multiplier_3_bit/multiplier.vhd" in Library work.
Entity <multiplier> compiled.
Entity <multiplier> (Architecture <behavioral>) compiled.

=========================================================================
*                     Design Hierarchy Analysis                         *
=========================================================================
Analyzing hierarchy for entity <multiplier> in library <work> (architecture <behavioral>).


=========================================================================
*                            HDL Analysis                               *
=========================================================================
Analyzing Entity <multiplier> in library <work> (Architecture <behavioral>).
Entity <multiplier> analyzed. Unit <multiplier> generated.


=========================================================================
*                           HDL Synthesis                               *
=========================================================================

Performing bidirectional port resolution...

Synthesizing Unit <multiplier>.
    Related source file is "/home/amit/vhdl_lab/multiplier_3_bit/multiplier.vhd".
WARNING:Xst:643 - "/home/amit/vhdl_lab/multiplier_3_bit/multiplier.vhd" line 43: The result of a 32x32-bit multiplication is partially used. Only the 32 least significant bits are used. If you are doing this on purpose, you may safely ignore this warning. Otherwise, make sure you are not losing information, leading to unexpected circuit behavior.
    Found 32x32-bit multiplier for signal <c$mult0000> created at line 43.
    Summary:
	inferred   1 Multiplier(s).
Unit <multiplier> synthesized.


=========================================================================
HDL Synthesis Report

Macro Statistics
# Multipliers                                          : 1
 32x32-bit multiplier                                  : 1

=========================================================================

=========================================================================
*                       Advanced HDL Synthesis                          *
=========================================================================


=========================================================================
Advanced HDL Synthesis Report

Macro Statistics
# Multipliers                                          : 1
 32x32-bit multiplier                                  : 1

=========================================================================

=========================================================================
*                         Low Level Synthesis                           *
=========================================================================

Optimizing unit <multiplier> ...

Mapping all equations...
Building and optimizing final netlist ...
Found area constraint ratio of 100 (+ 5) on block multiplier, actual ratio is 0.

Final Macro Processing ...

=========================================================================
Final Register Report

Found no macro
=========================================================================

=========================================================================
*                           Partition Report                            *
=========================================================================

Partition Implementation Status
-------------------------------

  No Partitions were found in this design.

-------------------------------

=========================================================================
*                            Final Report                               *
=========================================================================
Final Results
RTL Top Level Output File Name     : multiplier.ngr
Top Level Output File Name         : multiplier
Output Format                      : NGC
Optimization Goal                  : Speed
Keep Hierarchy                     : No

Design Statistics
# IOs                              : 96

Cell Usage :
# BELS                             : 89
#      GND                         : 1
#      LUT2                        : 30
#      MUXCY                       : 28
#      XORCY                       : 30
# IO Buffers                       : 96
#      IBUF                        : 64
#      OBUF                        : 32
# MULTs                            : 3
#      MULT18X18                   : 3
=========================================================================

Device utilization summary:
---------------------------

Selected Device : 3s200ft256-5 

 Number of Slices:                       16  out of   1920     0%  
 Number of 4 input LUTs:                 30  out of   3840     0%  
 Number of IOs:                          96
 Number of bonded IOBs:                  96  out of    173    55%  
 Number of MULT18X18s:                    3  out of     12    25%  

---------------------------
Partition Resource Summary:
---------------------------

  No Partitions were found in this design.

---------------------------


=========================================================================
TIMING REPORT

NOTE: THESE TIMING NUMBERS ARE ONLY A SYNTHESIS ESTIMATE.
      FOR ACCURATE TIMING INFORMATION PLEASE REFER TO THE TRACE REPORT
      GENERATED AFTER PLACE-and-ROUTE.

Clock Information:
------------------
No clock signals found in this design

Asynchronous Control Signals Information:
----------------------------------------
No asynchronous control signals found in this design

Timing Summary:
---------------
Speed Grade: -5

   Minimum period: No path found
   Minimum input arrival time before clock: No path found
   Maximum output required time after clock: No path found
   Maximum combinational path delay: 16.375ns

Timing Detail:
--------------
All values displayed in nanoseconds (ns)

=========================================================================
Timing constraint: Default path analysis
  Total number of paths / destination ports: 63106 / 32
-------------------------------------------------------------------------
Delay:               16.375ns (Levels of Logic = 9)
  Source:            a<16> (PAD)
  Destination:       c<31> (PAD)

  Data Path: a<16> to c<31>
                                Gate     Net
    Cell:in->out      fanout   Delay   Delay  Logical Name (Net Name)
    ----------------------------------------  ------------
     IBUF:I->O             2   0.715   0.745  a_16_IBUF (a_16_IBUF)
     MULT18X18:A16->P29    1   4.098   0.851  Mmult_c_mult0000_submult_0 (Mmult_c_mult0000_submult_0_29)
     LUT2:I1->O            1   0.479   0.000  Mmult_c_mult00000_Madd_lut<29> (Mmult_c_mult00000_Madd_lut<29>)
     MUXCY:S->O            1   0.435   0.000  Mmult_c_mult00000_Madd_cy<29> (Mmult_c_mult00000_Madd_cy<29>)
     XORCY:CI->O           1   0.786   0.976  Mmult_c_mult00000_Madd_xor<30> (Mmult_c_mult00000_Madd_30)
     LUT2:I0->O            1   0.479   0.000  Mmult_c_mult00001_Madd_lut<30> (Mmult_c_mult00001_Madd_lut<30>)
     MUXCY:S->O            0   0.435   0.000  Mmult_c_mult00001_Madd_cy<30> (Mmult_c_mult00001_Madd_cy<30>)
     XORCY:CI->O           1   0.786   0.681  Mmult_c_mult00001_Madd_xor<31> (c_31_OBUF)
     OBUF:I->O                 4.909          c_31_OBUF (c<31>)
    ----------------------------------------
    Total                     16.375ns (13.122ns logic, 3.253ns route)
                                       (80.1% logic, 19.9% route)

=========================================================================


Total REAL time to Xst completion: 3.00 secs
Total CPU time to Xst completion: 3.40 secs
 
--> 


Total memory usage is 503412 kilobytes

Number of errors   :    0 (   0 filtered)
Number of warnings :    1 (   0 filtered)
Number of infos    :    0 (   0 filtered)

