V3 3
FL /home/amit/vhdl_lab/counter_5_bit/counter.vhd 2020/12/06.05:09:03 P.20131013
EN work/counter 1607211548 FL /home/amit/vhdl_lab/counter_5_bit/counter.vhd \
      PB ieee/std_logic_1164 1381692176 PB ieee/STD_LOGIC_UNSIGNED 1381692179 \
      PB ieee/std_logic_arith 1381692177
AR work/counter/Behavioral 1607211549 \
      FL /home/amit/vhdl_lab/counter_5_bit/counter.vhd EN work/counter 1607211548
