V3 3
FL /home/amit/vhdl_lab/t_ff_behavioral/t_ff.vhd 2020/12/05.19:44:56 P.20131013
EN work/t_ff 1607177703 FL /home/amit/vhdl_lab/t_ff_behavioral/t_ff.vhd \
      PB ieee/std_logic_1164 1381692176
AR work/t_ff/Behavioral 1607177704 \
      FL /home/amit/vhdl_lab/t_ff_behavioral/t_ff.vhd EN work/t_ff 1607177703
